// Jest Snapshot v1, https://goo.gl/fbAQLP

exports[`CountryTitle should render correctly 1`] = `
<div
  className="countryData"
>
  <div
    className="container"
  >
    <a
      className="next-icon"
      href="/details/undefined"
    >
      <svg
        fill="currentColor"
        height="1em"
        stroke="currentColor"
        strokeWidth="0"
        style={
          Object {
            "color": undefined,
          }
        }
        viewBox="0 0 448 512"
        width="1em"
        xmlns="http://www.w3.org/2000/svg"
      >
        <path
          d="M190.5 66.9l22.2-22.2c9.4-9.4 24.6-9.4 33.9 0L441 239c9.4 9.4 9.4 24.6 0 33.9L246.6 467.3c-9.4 9.4-24.6 9.4-33.9 0l-22.2-22.2c-9.5-9.5-9.3-25 .4-34.3L311.4 296H24c-13.3 0-24-10.7-24-24v-32c0-13.3 10.7-24 24-24h287.4L190.9 101.2c-9.8-9.3-10-24.8-.4-34.3z"
        />
      </svg>
    </a>
    <div
      className="details"
    >
      <div
        className="card-title"
      >
        <h3 />
      </div>
    </div>
  </div>
</div>
`;
