// Jest Snapshot v1, https://goo.gl/fbAQLP

exports[`Navbar should render correctly 1`] = `
<div
  className="nav-container"
>
  <a
    className="items-center"
    href="/"
  >
    <div
      className="back-icon"
    >
      <svg
        fill="currentColor"
        height="1em"
        stroke="currentColor"
        strokeWidth="0"
        style={
          Object {
            "color": undefined,
          }
        }
        viewBox="0 0 448 512"
        width="1em"
        xmlns="http://www.w3.org/2000/svg"
      >
        <path
          d="M257.5 445.1l-22.2 22.2c-9.4 9.4-24.6 9.4-33.9 0L7 273c-9.4-9.4-9.4-24.6 0-33.9L201.4 44.7c9.4-9.4 24.6-9.4 33.9 0l22.2 22.2c9.5 9.5 9.3 25-.4 34.3L136.6 216H424c13.3 0 24 10.7 24 24v32c0 13.3-10.7 24-24 24H136.6l120.5 114.8c9.8 9.3 10 24.8.4 34.3z"
        />
      </svg>
    </div>
    <div
      className="nav-heading"
    >
      <h1
        className="nav-title"
      >
        Worldwide COVID-19 Live Data Analysis
      </h1>
    </div>
  </a>
  <div
    className="time-date"
  >
    <div
      className="time"
    >
      <p>
        Time:
         
        2:19:11 pm
      </p>
    </div>
    <div
      className="date"
    >
      <p>
        Date:
         
        14-1-2023
      </p>
    </div>
  </div>
</div>
`;
